<?xml version="1.0" encoding="UTF-8"?>
<!DOCTYPE mapper
	PUBLIC "-//mybatis.org//DTD Mapper 3.0//EN"
	"http://mybatis.org/dtd/mybatis-3-mapper.dtd">

	<mapper namespace="org.expected.dao.StockToIndustry">

	    <select id="getIndexClosedPoints" resultType="String">
	        select closed_point from industry_index where industry=#{0} and date&gt;=#{1} and date&lt;=#{2}   
	    </select>
	    
	    <select id="getIndustry" parameterType="String" resultType="String">
	        select industry from industry_information  where stock_code=#{stockCode}    
	    </select>
	</mapper>

